variant=fixed_21 trial=1
1 threads, worker 0 mean 28.42 ns
1 threads claim+free: mean 28.42 ns, wall 63.16 ns/op, max 417.000 us, over 1us/10us/100us/1ms 13/4/1/0
4 threads, worker 0 mean 220.88 ns
4 threads, worker 1 mean 230.14 ns
4 threads, worker 2 mean 156.93 ns
4 threads, worker 3 mean 296.73 ns
4 threads claim+free: mean 226.17 ns, wall 85.27 ns/op, max 101185.667 us, over 1us/10us/100us/1ms 146/68/47/37
8 threads, worker 0 mean 210.41 ns
8 threads, worker 1 mean 179.76 ns
8 threads, worker 2 mean 247.31 ns
8 threads, worker 3 mean 195.35 ns
8 threads, worker 4 mean 174.69 ns
8 threads, worker 5 mean 175.97 ns
8 threads, worker 6 mean 222.73 ns
8 threads, worker 7 mean 203.96 ns
8 threads claim+free: mean 201.27 ns, wall 36.05 ns/op, max 33331.292 us, over 1us/10us/100us/1ms 303/173/139/116
16 threads, worker 0 mean 313.43 ns
16 threads, worker 1 mean 322.85 ns
16 threads, worker 2 mean 313.69 ns
16 threads, worker 3 mean 321.33 ns
16 threads, worker 4 mean 332.80 ns
16 threads, worker 5 mean 352.58 ns
16 threads, worker 6 mean 374.85 ns
16 threads, worker 7 mean 290.85 ns
16 threads, worker 8 mean 347.95 ns
16 threads, worker 9 mean 358.49 ns
16 threads, worker 10 mean 288.32 ns
16 threads, worker 11 mean 365.89 ns
16 threads, worker 12 mean 315.71 ns
16 threads, worker 13 mean 326.19 ns
16 threads, worker 14 mean 193.48 ns
16 threads, worker 15 mean 303.69 ns
16 threads claim+free: mean 320.13 ns, wall 27.33 ns/op, max 41274.375 us, over 1us/10us/100us/1ms 788/514/440/388
view+drop: mean 26.41 ns, wall 26.41 ns/op, max 3.167 us, over 1us/10us/100us/1ms 1/0/0/0
1 MiB novel: mean 1033.83 ns, wall 1033.83 ns/op, max 12.000 us, over 1us/10us/100us/1ms 669/1/0/0
after 3 s: allocated 25182601216, freed 23840423936, footprint 25870744 bytes
placement 0: usage 536870912, reserved 268435456, runway target 1, slab 268435456 bytes
placement 1: usage 805306368, reserved 536870912, runway target 2, slab 268435456 bytes

variant=growing_24 trial=1
1 threads, worker 0 mean 32.04 ns
1 threads claim+free: mean 32.04 ns, wall 58.92 ns/op, max 2516.250 us, over 1us/10us/100us/1ms 15/6/3/2
4 threads, worker 0 mean 137.32 ns
4 threads, worker 1 mean 126.66 ns
4 threads, worker 2 mean 142.10 ns
4 threads, worker 3 mean 155.24 ns
4 threads claim+free: mean 140.33 ns, wall 47.02 ns/op, max 15615.500 us, over 1us/10us/100us/1ms 164/53/43/39
8 threads, worker 0 mean 220.83 ns
8 threads, worker 1 mean 252.22 ns
8 threads, worker 2 mean 207.64 ns
8 threads, worker 3 mean 237.24 ns
8 threads, worker 4 mean 174.80 ns
8 threads, worker 5 mean 196.46 ns
8 threads, worker 6 mean 199.61 ns
8 threads, worker 7 mean 123.63 ns
8 threads claim+free: mean 201.55 ns, wall 37.25 ns/op, max 23529.208 us, over 1us/10us/100us/1ms 436/187/147/125
16 threads, worker 0 mean 340.61 ns
16 threads, worker 1 mean 292.61 ns
16 threads, worker 2 mean 378.08 ns
16 threads, worker 3 mean 334.57 ns
16 threads, worker 4 mean 303.21 ns
16 threads, worker 5 mean 329.45 ns
16 threads, worker 6 mean 324.23 ns
16 threads, worker 7 mean 274.76 ns
16 threads, worker 8 mean 289.88 ns
16 threads, worker 9 mean 320.56 ns
16 threads, worker 10 mean 338.70 ns
16 threads, worker 11 mean 349.81 ns
16 threads, worker 12 mean 357.91 ns
16 threads, worker 13 mean 312.18 ns
16 threads, worker 14 mean 250.32 ns
16 threads, worker 15 mean 292.31 ns
16 threads claim+free: mean 318.07 ns, wall 26.34 ns/op, max 43107.791 us, over 1us/10us/100us/1ms 1154/463/405/365
view+drop: mean 31.08 ns, wall 31.08 ns/op, max 3818.875 us, over 1us/10us/100us/1ms 7/2/2/1
1 MiB novel: mean 1551.97 ns, wall 1551.97 ns/op, max 422.833 us, over 1us/10us/100us/1ms 1488/7/1/0
after 3 s: allocated 25719472128, freed 24377294848, footprint 26902936 bytes
placement 0: usage 536870912, reserved 268435456, runway target 1, slab 268435456 bytes
placement 1: usage 805306368, reserved 536870912, runway target 2, slab 268435456 bytes

variant=growing_24 trial=2
1 threads, worker 0 mean 31.38 ns
1 threads claim+free: mean 31.38 ns, wall 57.90 ns/op, max 1462.250 us, over 1us/10us/100us/1ms 6/3/2/1
4 threads, worker 0 mean 149.01 ns
4 threads, worker 1 mean 146.89 ns
4 threads, worker 2 mean 110.82 ns
4 threads, worker 3 mean 124.26 ns
4 threads claim+free: mean 132.74 ns, wall 47.90 ns/op, max 30485.167 us, over 1us/10us/100us/1ms 145/54/43/31
8 threads, worker 0 mean 206.30 ns
8 threads, worker 1 mean 248.39 ns
8 threads, worker 2 mean 268.45 ns
8 threads, worker 3 mean 243.32 ns
8 threads, worker 4 mean 261.59 ns
8 threads, worker 5 mean 266.72 ns
8 threads, worker 6 mean 121.21 ns
8 threads, worker 7 mean 188.87 ns
8 threads claim+free: mean 225.61 ns, wall 42.33 ns/op, max 45353.834 us, over 1us/10us/100us/1ms 381/169/143/130
16 threads, worker 0 mean 336.55 ns
16 threads, worker 1 mean 424.89 ns
16 threads, worker 2 mean 327.55 ns
16 threads, worker 3 mean 293.58 ns
16 threads, worker 4 mean 342.07 ns
16 threads, worker 5 mean 375.37 ns
16 threads, worker 6 mean 422.54 ns
16 threads, worker 7 mean 288.54 ns
16 threads, worker 8 mean 321.11 ns
16 threads, worker 9 mean 393.71 ns
16 threads, worker 10 mean 357.11 ns
16 threads, worker 11 mean 350.07 ns
16 threads, worker 12 mean 366.31 ns
16 threads, worker 13 mean 333.50 ns
16 threads, worker 14 mean 363.16 ns
16 threads, worker 15 mean 326.68 ns
16 threads claim+free: mean 351.42 ns, wall 32.45 ns/op, max 61993.750 us, over 1us/10us/100us/1ms 1033/496/439/382
view+drop: mean 26.02 ns, wall 26.02 ns/op, max 2.250 us, over 1us/10us/100us/1ms 3/0/0/0
1 MiB novel: mean 973.17 ns, wall 973.17 ns/op, max 15.500 us, over 1us/10us/100us/1ms 454/1/0/0
after 3 s: allocated 25451036672, freed 24108859392, footprint 26886552 bytes
placement 0: usage 536870912, reserved 268435456, runway target 1, slab 268435456 bytes
placement 1: usage 805306368, reserved 536870912, runway target 2, slab 268435456 bytes

variant=fixed_21 trial=2
1 threads, worker 0 mean 32.34 ns
1 threads claim+free: mean 32.34 ns, wall 64.95 ns/op, max 1826.250 us, over 1us/10us/100us/1ms 13/6/4/1
4 threads, worker 0 mean 117.38 ns
4 threads, worker 1 mean 116.85 ns
4 threads, worker 2 mean 142.84 ns
4 threads, worker 3 mean 88.92 ns
4 threads claim+free: mean 116.50 ns, wall 47.44 ns/op, max 20686.083 us, over 1us/10us/100us/1ms 158/56/40/30
8 threads, worker 0 mean 210.23 ns
8 threads, worker 1 mean 209.88 ns
8 threads, worker 2 mean 243.71 ns
8 threads, worker 3 mean 226.26 ns
8 threads, worker 4 mean 83.73 ns
8 threads, worker 5 mean 167.37 ns
8 threads, worker 6 mean 224.42 ns
8 threads, worker 7 mean 181.28 ns
8 threads claim+free: mean 193.36 ns, wall 35.16 ns/op, max 20512.375 us, over 1us/10us/100us/1ms 308/168/136/121
16 threads, worker 0 mean 353.55 ns
16 threads, worker 1 mean 362.67 ns
16 threads, worker 2 mean 360.46 ns
16 threads, worker 3 mean 369.73 ns
16 threads, worker 4 mean 290.09 ns
16 threads, worker 5 mean 346.62 ns
16 threads, worker 6 mean 349.31 ns
16 threads, worker 7 mean 357.65 ns
16 threads, worker 8 mean 286.09 ns
16 threads, worker 9 mean 262.33 ns
16 threads, worker 10 mean 317.57 ns
16 threads, worker 11 mean 281.32 ns
16 threads, worker 12 mean 351.48 ns
16 threads, worker 13 mean 343.74 ns
16 threads, worker 14 mean 276.57 ns
16 threads, worker 15 mean 339.95 ns
16 threads claim+free: mean 328.07 ns, wall 25.79 ns/op, max 38689.917 us, over 1us/10us/100us/1ms 770/489/418/378
view+drop: mean 27.01 ns, wall 27.01 ns/op, max 706.209 us, over 1us/10us/100us/1ms 7/1/1/0
1 MiB novel: mean 1012.11 ns, wall 1012.11 ns/op, max 11.334 us, over 1us/10us/100us/1ms 558/1/0/0
after 3 s: allocated 23303553024, freed 21961375744, footprint 22643120 bytes
placement 0: usage 536870912, reserved 268435456, runway target 1, slab 268435456 bytes
placement 1: usage 805306368, reserved 536870912, runway target 2, slab 268435456 bytes

variant=fixed_21 trial=3
1 threads, worker 0 mean 49.39 ns
1 threads claim+free: mean 49.39 ns, wall 88.57 ns/op, max 8704.791 us, over 1us/10us/100us/1ms 122/99/32/3
4 threads, worker 0 mean 134.80 ns
4 threads, worker 1 mean 110.48 ns
4 threads, worker 2 mean 247.62 ns
4 threads, worker 3 mean 160.58 ns
4 threads claim+free: mean 163.37 ns, wall 82.51 ns/op, max 28277.625 us, over 1us/10us/100us/1ms 325/172/92/54
8 threads, worker 0 mean 146.74 ns
8 threads, worker 1 mean 130.21 ns
8 threads, worker 2 mean 129.04 ns
8 threads, worker 3 mean 151.14 ns
8 threads, worker 4 mean 165.23 ns
8 threads, worker 5 mean 125.32 ns
8 threads, worker 6 mean 175.87 ns
8 threads, worker 7 mean 182.46 ns
8 threads claim+free: mean 150.75 ns, wall 27.73 ns/op, max 21889.666 us, over 1us/10us/100us/1ms 342/184/130/96
16 threads, worker 0 mean 304.71 ns
16 threads, worker 1 mean 226.95 ns
16 threads, worker 2 mean 264.60 ns
16 threads, worker 3 mean 293.23 ns
16 threads, worker 4 mean 307.87 ns
16 threads, worker 5 mean 238.11 ns
16 threads, worker 6 mean 293.70 ns
16 threads, worker 7 mean 253.80 ns
16 threads, worker 8 mean 278.50 ns
16 threads, worker 9 mean 244.64 ns
16 threads, worker 10 mean 277.65 ns
16 threads, worker 11 mean 221.48 ns
16 threads, worker 12 mean 246.90 ns
16 threads, worker 13 mean 298.29 ns
16 threads, worker 14 mean 233.41 ns
16 threads, worker 15 mean 335.45 ns
16 threads claim+free: mean 269.96 ns, wall 24.56 ns/op, max 44986.125 us, over 1us/10us/100us/1ms 831/515/391/321
view+drop: mean 27.10 ns, wall 27.10 ns/op, max 1484.375 us, over 1us/10us/100us/1ms 8/3/2/1
1 MiB novel: mean 1361.22 ns, wall 1361.22 ns/op, max 688.083 us, over 1us/10us/100us/1ms 645/2/1/0
after 3 s: allocated 27330084864, freed 25987907584, footprint 22626712 bytes
placement 0: usage 536870912, reserved 268435456, runway target 1, slab 268435456 bytes
placement 1: usage 805306368, reserved 536870912, runway target 2, slab 268435456 bytes

variant=growing_24 trial=3
1 threads, worker 0 mean 29.90 ns
1 threads claim+free: mean 29.90 ns, wall 58.37 ns/op, max 2908.083 us, over 1us/10us/100us/1ms 7/2/1/1
4 threads, worker 0 mean 96.65 ns
4 threads, worker 1 mean 109.48 ns
4 threads, worker 2 mean 107.84 ns
4 threads, worker 3 mean 123.08 ns
4 threads claim+free: mean 109.26 ns, wall 42.16 ns/op, max 24930.375 us, over 1us/10us/100us/1ms 158/90/43/28
8 threads, worker 0 mean 201.06 ns
8 threads, worker 1 mean 191.64 ns
8 threads, worker 2 mean 170.95 ns
8 threads, worker 3 mean 167.50 ns
8 threads, worker 4 mean 172.29 ns
8 threads, worker 5 mean 104.91 ns
8 threads, worker 6 mean 160.09 ns
8 threads, worker 7 mean 196.22 ns
8 threads claim+free: mean 170.58 ns, wall 30.97 ns/op, max 22848.042 us, over 1us/10us/100us/1ms 366/171/121/100
16 threads, worker 0 mean 273.09 ns
16 threads, worker 1 mean 274.62 ns
16 threads, worker 2 mean 296.74 ns
16 threads, worker 3 mean 312.48 ns
16 threads, worker 4 mean 286.33 ns
16 threads, worker 5 mean 233.66 ns
16 threads, worker 6 mean 230.38 ns
16 threads, worker 7 mean 248.98 ns
16 threads, worker 8 mean 271.44 ns
16 threads, worker 9 mean 275.51 ns
16 threads, worker 10 mean 215.22 ns
16 threads, worker 11 mean 241.34 ns
16 threads, worker 12 mean 279.96 ns
16 threads, worker 13 mean 259.78 ns
16 threads, worker 14 mean 236.87 ns
16 threads, worker 15 mean 261.34 ns
16 threads claim+free: mean 262.36 ns, wall 23.30 ns/op, max 38945.667 us, over 1us/10us/100us/1ms 1042/477/376/309
view+drop: mean 29.77 ns, wall 29.77 ns/op, max 2996.625 us, over 1us/10us/100us/1ms 15/6/2/1
1 MiB novel: mean 966.77 ns, wall 966.77 ns/op, max 13.333 us, over 1us/10us/100us/1ms 496/1/0/0
after 3 s: allocated 26793213952, freed 25451036672, footprint 23675288 bytes
placement 0: usage 536870912, reserved 268435456, runway target 1, slab 268435456 bytes
placement 1: usage 805306368, reserved 536870912, runway target 2, slab 268435456 bytes

